Archive member included because of file (symbol)

contiki-z1.a(contiki-z1-plat)
                              obj_z1/contiki-z1-main.o (init_platform)
contiki-z1.a(msp430.o)        obj_z1/contiki-z1-main.o (splhigh_)
contiki-z1.a(leds.o)          obj_z1/contiki-z1-main.o (leds_init)
contiki-z1.a(watchdog.o)      obj_z1/contiki-z1-main.o (watchdog_start)
contiki-z1.a(xmem.o)          obj_z1/contiki-z1-main.o (xmem_init)
contiki-z1.a(spi.o)           contiki-z1.a(xmem.o) (spi_init)
contiki-z1.a(cc2420.o)        obj_z1/contiki-z1-main.o (cc2420_set_pan_addr)
contiki-z1.a(cc2420-arch.o)   contiki-z1.a(cc2420.o) (cc2420_arch_init)
contiki-z1.a(node-id.o)       obj_z1/contiki-z1-main.o (node_id_restore)
contiki-z1.a(sensors.o)       contiki-z1.a(contiki-z1-plat) (sensors_process)
contiki-z1.a(uart0.o)         obj_z1/contiki-z1-main.o (uart0_active)
contiki-z1.a(uart0-putchar.o)
                              obj_z1/contiki-z1-main.o (putchar)
contiki-z1.a(z1-sensors.o)    contiki-z1.a(sensors.o) (sensors_flags)
contiki-z1.a(adxl345.o)       obj_z1/contiki-z1-main.o (adxl345)
contiki-z1.a(tmp102.o)        contiki-z1.a(z1-sensors.o) (tmp102)
contiki-z1.a(clock.o)         obj_z1/contiki-z1-main.o (clock_init)
contiki-z1.a(leds-arch.o)     contiki-z1.a(leds.o) (leds_arch_init)
contiki-z1.a(rtimer-arch.o)   obj_z1/contiki-z1-main.o (rtimer_arch_now)
contiki-z1.a(autostart.o)     obj_z1/contiki-z1-main.o (autostart_start)
contiki-z1.a(energest.o)      obj_z1/contiki-z1-main.o (energest_init)
contiki-z1.a(ctimer.o)        obj_z1/contiki-z1-main.o (ctimer_init)
contiki-z1.a(etimer.o)        contiki-z1.a(clock.o) (etimer_request_poll)
contiki-z1.a(process.o)       contiki-z1.a(ctimer.o) (process_current)
contiki-z1.a(rtimer.o)        obj_z1/contiki-z1-main.o (rtimer_init)
contiki-z1.a(timer.o)         contiki-z1.a(adxl345.o) (timer_set)
contiki-z1.a(list.o)          contiki-z1.a(ctimer.o) (list_init)
contiki-z1.a(random.o)        obj_z1/contiki-z1-main.o (random_init)
contiki-z1.a(uip-ds6.o)       obj_z1/contiki-z1-main.o (uip_ds6_get_link_local)
contiki-z1.a(uip-ds6-route.o)
                              contiki-z1.a(uip-ds6.o) (uip_ds6_route_init)
contiki-z1.a(uip6.o)          obj_z1/contiki-z1-main.o (uip_lladdr)
contiki-z1.a(uip-ds6-nbr.o)   contiki-z1.a(uip-ds6.o) (uip_ds6_neighbors_init)
contiki-z1.a(uip-nd6.o)       contiki-z1.a(uip6.o) (uip_nd6_init)
contiki-z1.a(sicslowpan.o)    obj_z1/contiki-z1-main.o (sicslowpan_driver)
contiki-z1.a(uip-debug.o)     contiki-z1.a(uip-ds6-route.o) (uip_debug_ipaddr_print)
contiki-z1.a(tcpip.o)         contiki-z1.a(sicslowpan.o) (tcpip_set_outputfunc)
contiki-z1.a(rpl-dag.o)       contiki-z1.a(tcpip.o) (rpl_repair_root)
contiki-z1.a(rpl-timers.o)    contiki-z1.a(rpl-dag.o) (rpl_reset_dio_timer)
contiki-z1.a(rpl-ext-header.)
                              contiki-z1.a(uip6.o) (rpl_verify_hbh_header)
contiki-z1.a(rpl.o)           contiki-z1.a(rpl-timers.o) (rpl_get_mode)
contiki-z1.a(rpl-mrhof.o)     contiki-z1.a(rpl-dag.o) (rpl_mrhof)
contiki-z1.a(queuebuf.o)      obj_z1/contiki-z1-main.o (queuebuf_init)
contiki-z1.a(nbr-table.o)     contiki-z1.a(uip-ds6-route.o) (nbr_table_register)
contiki-z1.a(packetbuf.o)     contiki-z1.a(cc2420.o) (packetbuf_set_datalen)
contiki-z1.a(linkaddr.o)      obj_z1/contiki-z1-main.o (linkaddr_copy)
contiki-z1.a(link-stats.o)    contiki-z1.a(rpl-dag.o) (link_stats_from_lladdr)
contiki-z1.a(framer-802154.o)
                              contiki-z1.a(sicslowpan.o) (framer_802154)
contiki-z1.a(csma.o)          obj_z1/contiki-z1-main.o (csma_driver)
contiki-z1.a(contikimac.o)    obj_z1/contiki-z1-main.o (contikimac_driver)
contiki-z1.a(nullsec.o)       contiki-z1.a(sicslowpan.o) (nullsec_driver)
contiki-z1.a(i2cmaster.o)     contiki-z1.a(adxl345.o) (i2c_receiveinit)
contiki-z1.a(button-sensor.o)
                              contiki-z1.a(z1-sensors.o) (button_sensor)
contiki-z1.a(stimer.o)        contiki-z1.a(uip-ds6.o) (stimer_set)
contiki-z1.a(memb.o)          contiki-z1.a(uip-ds6-route.o) (memb_init)
contiki-z1.a(uip-icmp6.o)     contiki-z1.a(uip6.o) (uip_icmp6_input)
contiki-z1.a(rpl-icmp6.o)     contiki-z1.a(rpl-dag.o) (rpl_icmp6_update_nbr_table)
contiki-z1.a(rpl-nbr-policy.)
                              contiki-z1.a(nbr-table.o) (rpl_nbr_policy_find_removable)
contiki-z1.a(mac-sequence.o)  contiki-z1.a(contikimac.o) (mac_sequence_is_duplicate)
contiki-z1.a(frame802154.o)   contiki-z1.a(framer-802154.o) (frame802154_get_pan_id)
contiki-z1.a(mac.o)           contiki-z1.a(csma.o) (mac_call_sent_callback)
/usr/lib/gcc/msp430/4.6.3/mcpu-430x/mmpy-16/libgcc.a(_mulsi3.o)
                              contiki-z1.a(rpl-timers.o) (__mulsi3)
/usr/lib/gcc/msp430/4.6.3/mcpu-430x/mmpy-16/libgcc.a(_udivmod16.o)
                              contiki-z1.a(rpl-dag.o) (__udivhi3)
/usr/lib/gcc/msp430/4.6.3/mcpu-430x/mmpy-16/libgcc.a(_divmod16.o)
                              contiki-z1.a(tmp102.o) (__divhi3)
[...]
Memory Configuration

Name             Origin             Length             Attributes
sfr              0x0000000000000000 0x0000000000000010
peripheral_8bit  0x0000000000000010 0x00000000000000f0
peripheral_16bit 0x0000000000000100 0x0000000000000100
ram_mirror       0x0000000000000200 0x0000000000000800 xw
infomem          0x0000000000001000 0x0000000000000100
infod            0x0000000000001000 0x0000000000000040
infoc            0x0000000000001040 0x0000000000000040
infob            0x0000000000001080 0x0000000000000040
infoa            0x00000000000010c0 0x0000000000000040
ram              0x0000000000001100 0x0000000000002000 xw
rom              0x0000000000003100 0x000000000000cebe xr
vectors          0x000000000000ffc0 0x0000000000000040
far_rom          0x0000000000010000 0x000000000000a000
bsl              0x0000000000000000 0x0000000000000000
ram2             0x0000000000000000 0x0000000000000000 xw
usbram           0x0000000000000000 0x0000000000000000 xw
*default*        0x0000000000000000 0xffffffffffffffff

Linker script and memory map

LOAD /usr/lib/gcc/msp430/4.6.3/mcpu-430x/mmpy-16/crt0ivtbl32.o
                0x0000000000000041                __P1SEL2 = 0x41
                0x0000000000000045                __P5SEL2 = 0x45
LOAD 01-hello-world.co
LOAD obj_z1/contiki-z1-main.o
LOAD contiki-z1.a
LOAD /usr/lib/gcc/msp430/4.6.3/mcpu-430x/mmpy-16/libgcc.a
LOAD /usr/lib/gcc/msp430/4.6.3/../../../../msp430/lib/mcpu-430x/mmpy-16/libc.a
LOAD /usr/lib/gcc/msp430/4.6.3/mcpu-430x/mmpy-16/libgcc.a
LOAD /usr/lib/gcc/msp430/4.6.3/mcpu-430x/mmpy-16/libcrt0.a
                0x0000000000000040                PROVIDE (__info_segment_size, 0x40)
                0x0000000000001000                PROVIDE (__infod, 0x1000)
                0x0000000000001040                PROVIDE (__infoc, 0x1040)
                0x0000000000001080                PROVIDE (__infob, 0x1080)
                0x00000000000010c0                PROVIDE (__infoa, 0x10c0)
                0x0000000000000000                __IE1 = 0x0
                0x0000000000000002                __IFG1 = 0x2
                0x0000000000000001                __IE2 = 0x1
                0x0000000000000003                __IFG2 = 0x3
                0x0000000000000006                __UC1IE = 0x6
                0x0000000000000007                __UC1IFG = 0x7
                0x00000000000001a0                __ADC12CTL0 = 0x1a0
                0x00000000000001a2                __ADC12CTL1 = 0x1a2
                0x00000000000001a4                __ADC12IFG = 0x1a4
                0x00000000000001a6                __ADC12IE = 0x1a6
                0x00000000000001a8                __ADC12IV = 0x1a8
                0x0000000000000140                __ADC12MEM0 = 0x140
                0x0000000000000142                __ADC12MEM1 = 0x142
                0x0000000000000144                __ADC12MEM2 = 0x144
                0x0000000000000146                __ADC12MEM3 = 0x146
                0x0000000000000148                __ADC12MEM4 = 0x148
                0x000000000000014a                __ADC12MEM5 = 0x14a
                0x000000000000014c                __ADC12MEM6 = 0x14c
                0x000000000000014e                __ADC12MEM7 = 0x14e
                0x0000000000000150                __ADC12MEM8 = 0x150
                0x0000000000000152                __ADC12MEM9 = 0x152
                0x0000000000000154                __ADC12MEM10 = 0x154
                0x0000000000000156                __ADC12MEM11 = 0x156
                0x0000000000000158                __ADC12MEM12 = 0x158
                0x000000000000015a                __ADC12MEM13 = 0x15a
                0x000000000000015c                __ADC12MEM14 = 0x15c
                0x000000000000015e                __ADC12MEM15 = 0x15e
                0x0000000000000080                __ADC12MCTL0 = 0x80
                0x0000000000000081                __ADC12MCTL1 = 0x81
                0x0000000000000082                __ADC12MCTL2 = 0x82
                0x0000000000000083                __ADC12MCTL3 = 0x83
                0x0000000000000084                __ADC12MCTL4 = 0x84
                0x0000000000000085                __ADC12MCTL5 = 0x85
                0x0000000000000086                __ADC12MCTL6 = 0x86
                0x0000000000000087                __ADC12MCTL7 = 0x87
                0x0000000000000088                __ADC12MCTL8 = 0x88
                0x0000000000000089                __ADC12MCTL9 = 0x89
                0x000000000000008a                __ADC12MCTL10 = 0x8a
                0x000000000000008b                __ADC12MCTL11 = 0x8b
                0x000000000000008c                __ADC12MCTL12 = 0x8c
                0x000000000000008d                __ADC12MCTL13 = 0x8d
                0x000000000000008e                __ADC12MCTL14 = 0x8e
                0x000000000000008f                __ADC12MCTL15 = 0x8f
                0x0000000000000056                __DCOCTL = 0x56
                0x0000000000000057                __BCSCTL1 = 0x57
                0x0000000000000058                __BCSCTL2 = 0x58
                0x0000000000000053                __BCSCTL3 = 0x53
                0x0000000000000059                __CACTL1 = 0x59
                0x000000000000005a                __CACTL2 = 0x5a
                0x000000000000005b                __CAPD = 0x5b
                0x00000000000001c0                __DAC12_0CTL = 0x1c0
                0x00000000000001c2                __DAC12_1CTL = 0x1c2
                0x00000000000001c8                __DAC12_0DAT = 0x1c8
                0x00000000000001ca                __DAC12_1DAT = 0x1ca
                0x0000000000000122                __DMACTL0 = 0x122
                0x0000000000000124                __DMACTL1 = 0x124
                0x0000000000000126                __DMAIV = 0x126
                0x00000000000001d0                __DMA0CTL = 0x1d0
                0x00000000000001dc                __DMA1CTL = 0x1dc
                0x00000000000001e8                __DMA2CTL = 0x1e8
                0x00000000000001d2                __DMA0SA = 0x1d2
                0x00000000000001d2                __DMA0SAL = 0x1d2
                0x00000000000001d6                __DMA0DA = 0x1d6
                0x00000000000001d6                __DMA0DAL = 0x1d6
                0x00000000000001da                __DMA0SZ = 0x1da
                0x00000000000001de                __DMA1SA = 0x1de
                0x00000000000001de                __DMA1SAL = 0x1de
                0x00000000000001e2                __DMA1DA = 0x1e2
                0x00000000000001e2                __DMA1DAL = 0x1e2
                0x00000000000001e6                __DMA1SZ = 0x1e6
                0x00000000000001ea                __DMA2SA = 0x1ea
                0x00000000000001ea                __DMA2SAL = 0x1ea
                0x00000000000001ee                __DMA2DA = 0x1ee
                0x00000000000001ee                __DMA2DAL = 0x1ee
                0x00000000000001f2                __DMA2SZ = 0x1f2
                0x0000000000000128                __FCTL1 = 0x128
                0x000000000000012a                __FCTL2 = 0x12a
                0x000000000000012c                __FCTL3 = 0x12c
                0x00000000000001be                __FCTL4 = 0x1be
                0x0000000000000130                __MPY = 0x130
                0x0000000000000132                __MPYS = 0x132
                0x0000000000000134                __MAC = 0x134
                0x0000000000000136                __MACS = 0x136
                0x0000000000000138                __OP2 = 0x138
                0x000000000000013a                __RESLO = 0x13a
                0x000000000000013c                __RESHI = 0x13c
                0x000000000000013e                __SUMEXT = 0x13e
                0x0000000000000020                __P1IN = 0x20
                0x0000000000000021                __P1OUT = 0x21
                0x0000000000000022                __P1DIR = 0x22
                0x0000000000000023                __P1IFG = 0x23
                0x0000000000000024                __P1IES = 0x24
                0x0000000000000025                __P1IE = 0x25
                0x0000000000000026                __P1SEL = 0x26
                0x0000000000000027                __P1REN = 0x27
                0x0000000000000028                __P2IN = 0x28
                0x0000000000000029                __P2OUT = 0x29
                0x000000000000002a                __P2DIR = 0x2a
                0x000000000000002b                __P2IFG = 0x2b
                0x000000000000002c                __P2IES = 0x2c
                0x000000000000002d                __P2IE = 0x2d
                0x000000000000002e                __P2SEL = 0x2e
                0x000000000000002f                __P2REN = 0x2f
                0x0000000000000018                __P3IN = 0x18
                0x0000000000000019                __P3OUT = 0x19
                0x000000000000001a                __P3DIR = 0x1a
                0x000000000000001b                __P3SEL = 0x1b
                0x0000000000000010                __P3REN = 0x10
                0x000000000000001c                __P4IN = 0x1c
                0x000000000000001d                __P4OUT = 0x1d
                0x000000000000001e                __P4DIR = 0x1e
                0x000000000000001f                __P4SEL = 0x1f
                0x0000000000000011                __P4REN = 0x11
                0x0000000000000030                __P5IN = 0x30
                0x0000000000000031                __P5OUT = 0x31
                0x0000000000000032                __P5DIR = 0x32
                0x0000000000000033                __P5SEL = 0x33
                0x0000000000000012                __P5REN = 0x12
                0x0000000000000034                __P6IN = 0x34
                0x0000000000000035                __P6OUT = 0x35
                0x0000000000000036                __P6DIR = 0x36
                0x0000000000000037                __P6SEL = 0x37
                0x0000000000000013                __P6REN = 0x13
                0x0000000000000038                __P7IN = 0x38
                0x000000000000003a                __P7OUT = 0x3a
                0x000000000000003c                __P7DIR = 0x3c
                0x000000000000003e                __P7SEL = 0x3e
                0x0000000000000014                __P7REN = 0x14
                0x0000000000000039                __P8IN = 0x39
                0x000000000000003b                __P8OUT = 0x3b
                0x000000000000003d                __P8DIR = 0x3d
                0x000000000000003f                __P8SEL = 0x3f
                0x0000000000000015                __P8REN = 0x15
                0x0000000000000038                __PAIN = 0x38
                0x000000000000003a                __PAOUT = 0x3a
                0x000000000000003c                __PADIR = 0x3c
                0x000000000000003e                __PASEL = 0x3e
                0x0000000000000014                __PAREN = 0x14
                0x0000000000000055                __SVSCTL = 0x55
                0x000000000000012e                __TAIV = 0x12e
                0x0000000000000160                __TACTL = 0x160
                0x0000000000000162                __TACCTL0 = 0x162
                0x0000000000000164                __TACCTL1 = 0x164
                0x0000000000000166                __TACCTL2 = 0x166
                0x0000000000000170                __TAR = 0x170
                0x0000000000000172                __TACCR0 = 0x172
                0x0000000000000174                __TACCR1 = 0x174
                0x0000000000000176                __TACCR2 = 0x176
                0x000000000000011e                __TBIV = 0x11e
                0x0000000000000180                __TBCTL = 0x180
                0x0000000000000182                __TBCCTL0 = 0x182
                0x0000000000000184                __TBCCTL1 = 0x184
                0x0000000000000186                __TBCCTL2 = 0x186
                0x0000000000000188                __TBCCTL3 = 0x188
                0x000000000000018a                __TBCCTL4 = 0x18a
                0x000000000000018c                __TBCCTL5 = 0x18c
                0x000000000000018e                __TBCCTL6 = 0x18e
                0x0000000000000190                __TBR = 0x190
                0x0000000000000192                __TBCCR0 = 0x192
                0x0000000000000194                __TBCCR1 = 0x194
                0x0000000000000196                __TBCCR2 = 0x196
                0x0000000000000198                __TBCCR3 = 0x198
                0x000000000000019a                __TBCCR4 = 0x19a
                0x000000000000019c                __TBCCR5 = 0x19c
                0x000000000000019e                __TBCCR6 = 0x19e
                0x0000000000000060                __UCA0CTL0 = 0x60
                0x0000000000000061                __UCA0CTL1 = 0x61
                0x0000000000000062                __UCA0BR0 = 0x62
                0x0000000000000063                __UCA0BR1 = 0x63
                0x0000000000000064                __UCA0MCTL = 0x64
                0x0000000000000065                __UCA0STAT = 0x65
                0x0000000000000066                __UCA0RXBUF = 0x66
                0x0000000000000067                __UCA0TXBUF = 0x67
                0x000000000000005d                __UCA0ABCTL = 0x5d
                0x000000000000005e                __UCA0IRTCTL = 0x5e
                0x000000000000005f                __UCA0IRRCTL = 0x5f
                0x0000000000000068                __UCB0CTL0 = 0x68
                0x0000000000000069                __UCB0CTL1 = 0x69
                0x000000000000006a                __UCB0BR0 = 0x6a
                0x000000000000006b                __UCB0BR1 = 0x6b
                0x000000000000006c                __UCB0I2CIE = 0x6c
                0x000000000000006d                __UCB0STAT = 0x6d
                0x000000000000006e                __UCB0RXBUF = 0x6e
                0x000000000000006f                __UCB0TXBUF = 0x6f
                0x0000000000000118                __UCB0I2COA = 0x118
                0x000000000000011a                __UCB0I2CSA = 0x11a
                0x00000000000000d0                __UCA1CTL0 = 0xd0
                0x00000000000000d1                __UCA1CTL1 = 0xd1
                0x00000000000000d2                __UCA1BR0 = 0xd2
                0x00000000000000d3                __UCA1BR1 = 0xd3
                0x00000000000000d4                __UCA1MCTL = 0xd4
                0x00000000000000d5                __UCA1STAT = 0xd5
                0x00000000000000d6                __UCA1RXBUF = 0xd6
                0x00000000000000d7                __UCA1TXBUF = 0xd7
                0x00000000000000cd                __UCA1ABCTL = 0xcd
                0x00000000000000ce                __UCA1IRTCTL = 0xce
                0x00000000000000cf                __UCA1IRRCTL = 0xcf
                0x00000000000000d8                __UCB1CTL0 = 0xd8
                0x00000000000000d9                __UCB1CTL1 = 0xd9
                0x00000000000000da                __UCB1BR0 = 0xda
                0x00000000000000db                __UCB1BR1 = 0xdb
                0x00000000000000dc                __UCB1I2CIE = 0xdc
                0x00000000000000dd                __UCB1STAT = 0xdd
                0x00000000000000de                __UCB1RXBUF = 0xde
                0x00000000000000df                __UCB1TXBUF = 0xdf
                0x000000000000017c                __UCB1I2COA = 0x17c
                0x000000000000017e                __UCB1I2CSA = 0x17e
                0x0000000000000120                __WDTCTL = 0x120
                0x00000000000010c0                __TLV_CHECKSUM = 0x10c0
                0x00000000000010f6                __TLV_DCO_30_TAG = 0x10f6
                0x00000000000010f7                __TLV_DCO_30_LEN = 0x10f7
                0x00000000000010da                __TLV_ADC12_1_TAG = 0x10da
                0x00000000000010db                __TLV_ADC12_1_LEN = 0x10db
                0x00000000000010f8                __CALDCO_16MHZ = 0x10f8
                0x00000000000010f9                __CALBC1_16MHZ = 0x10f9
                0x00000000000010fa                __CALDCO_12MHZ = 0x10fa
                0x00000000000010fb                __CALBC1_12MHZ = 0x10fb
                0x00000000000010fc                __CALDCO_8MHZ = 0x10fc
                0x00000000000010fd                __CALBC1_8MHZ = 0x10fd
                0x00000000000010fe                __CALDCO_1MHZ = 0x10fe
                0x00000000000010ff                __CALBC1_1MHZ = 0x10ff

.hash
 *(.hash)

.dynsym
 *(.dynsym)

.dynstr
 *(.dynstr)

.gnu.version
 *(.gnu.version)

.gnu.version_d
 *(.gnu.version_d)

.gnu.version_r
 *(.gnu.version_r)

.rel.init
 *(.rel.init)

.rela.init
 *(.rela.init)

.rel.fini
 *(.rel.fini)

.rela.fini
 *(.rela.fini)

.rel.text
 *(.rel.text .rel.text.* .rel.gnu.linkonce.t.*)

.rela.text
 *(.rela.text .rela.text.* .rela.gnu.linkonce.t.*)

.rel.rodata
 *(.rel.rodata .rel.rodata.* .rel.gnu.linkonce.r.*)

.rela.rodata
 *(.rela.rodata .rela.rodata.* .rela.gnu.linkonce.r.*)

.rel.data
 *(.rel.data .rel.data.* .rel.gnu.linkonce.d.*)

.rela.data
 *(.rela.data .rela.data.* .rela.gnu.linkonce.d.*)

.rel.bss
 *(.rel.bss .rel.bss.* .rel.gnu.linkonce.b.*)

.rela.bss
 *(.rela.bss .rela.bss.* .rela.gnu.linkonce.b.*)

.rel.ctors
 *(.rel.ctors)

.rela.ctors
 *(.rela.ctors)

.rel.dtors
 *(.rel.dtors)

.rela.dtors
 *(.rela.dtors)

.rel.got
 *(.rel.got)

.rela.got
 *(.rela.got)

.rel.plt
 *(.rel.plt)

.rela.plt
 *(.rela.plt)

.text           0x0000000000003100     0xbb80
                0x0000000000003100                . = ALIGN (0x2)
 *(.init .init.*)
 *(.init0)
 .init0         0x0000000000003100        0x0 /usr/lib/gcc/msp430/4.6.3/mcpu-430x/mmpy-16/libcrt0.a(_reset_vector__.o)
                0x0000000000003100                _reset_vector__
 *(.init1)
 .init1         0x0000000000003100        0xc /usr/lib/gcc/msp430/4.6.3/mcpu-430x/mmpy-16/libcrt0.a(__watchdog_support.o)
                0x0000000000003100                __watchdog_support
 *(.init2)
 .init2         0x000000000000310c        0x4 /usr/lib/gcc/msp430/4.6.3/mcpu-430x/mmpy-16/libcrt0.a(__init_stack.o)
                0x000000000000310c                __init_stack
 *(.init3)
 .init3         0x0000000000003110        0x0 /usr/lib/gcc/msp430/4.6.3/mcpu-430x/mmpy-16/libcrt0.a(__low_level_init.o)
                0x0000000000003110                __low_level_init
 *(.init4)
 .init4         0x0000000000003110       0x18 /usr/lib/gcc/msp430/4.6.3/mcpu-430x/mmpy-16/libcrt0.a(_copy_data.o)
                0x0000000000003110                __do_copy_data
 .init4         0x0000000000003128       0x16 /usr/lib/gcc/msp430/4.6.3/mcpu-430x/mmpy-16/libcrt0.a(_clear_bss.o)
                0x0000000000003128                __do_clear_bss
 *(.init5)
 *(.init6)
 *(.init7)
 *(.init8)
 *(.init9)
 .init9         0x000000000000313e      0x348 obj_z1/contiki-z1-main.o
                0x000000000000313e                main
 *(.fini9)
 .fini9         0x0000000000003486        0x0 /usr/lib/gcc/msp430/4.6.3/mcpu-430x/mmpy-16/libcrt0.a(__stop_progExec__.o)
                0x0000000000003486                __stop_progExec__
 *(.fini8)
 *(.fini7)
 *(.fini6)
 *(.fini5)
 *(.fini4)
 *(.fini3)
 *(.fini2)
 *(.fini1)
 *(.fini0)
 .fini0         0x0000000000003486        0x6 /usr/lib/gcc/msp430/4.6.3/mcpu-430x/mmpy-16/libcrt0.a(_endless_loop__.o)
                0x0000000000003486                _endless_loop__
 *(.fini .fini.*)
                0x000000000000348c                . = ALIGN (0x2)
                0x000000000000348c                __ctors_start = .
 *(.ctors)
                0x000000000000348c                __ctors_end = .
                0x000000000000348c                __dtors_start = .
 *(.dtors)
                0x000000000000348c                __dtors_end = .
                0x000000000000348c                . = ALIGN (0x2)
 *(.text .text.* .gnu.linkonce.t.*)
 .text          0x000000000000348c        0x4 /usr/lib/gcc/msp430/4.6.3/mcpu-430x/mmpy-16/crt0ivtbl32.o
                0x000000000000348c                __isr_14
                0x000000000000348c                __isr_4
                0x000000000000348c                __isr_29
                0x000000000000348c                __isr_11
                0x000000000000348c                __isr_5
                0x000000000000348c                __isr_2
                0x000000000000348c                __isr_10
                0x000000000000348c                __isr_7
                0x000000000000348c                __isr_0
                0x000000000000348c                __isr_28
                0x000000000000348c                __isr_8
                0x000000000000348c                __isr_20
                0x000000000000348c                __isr_3
                0x000000000000348c                __isr_12
                0x000000000000348c                __isr_13
                0x000000000000348c                __isr_27
                0x000000000000348c                __isr_9
                0x000000000000348c                __isr_30
                0x000000000000348c                __isr_6
                0x000000000000348c                __isr_22
                0x000000000000348c                __isr_1
                0x000000000000348c                __isr_15
                0x000000000000348c                __isr_21
 .text.crt0     0x0000000000003490        0x0 /usr/lib/gcc/msp430/4.6.3/mcpu-430x/mmpy-16/crt0ivtbl32.o
 .text          0x0000000000003490       0x3a 01-hello-world.co
 .text          0x00000000000034ca        0x6 obj_z1/contiki-z1-main.o
                0x00000000000034ca                uip_log
 .text          0x00000000000034d0        0xc contiki-z1.a(contiki-z1-plat)
                0x00000000000034d0                init_platform
 .text          0x00000000000034dc       0xe8 contiki-z1.a(msp430.o)
                0x00000000000034dc                msp430_init_dco
                0x0000000000003504                msp430_add_lpm_req
                0x0000000000003510                msp430_remove_lpm_req
                0x000000000000351c                splhigh_
                0x0000000000003524                msp430_sync_dco
                0x0000000000003596                msp430_cpu_init
 .text          0x00000000000035c4      0x146 contiki-z1.a(leds.o)
                0x00000000000036b2                leds_init
                0x00000000000036bc                leds_get
                0x00000000000036c2                leds_set
                0x00000000000036c8                leds_on
                0x00000000000036d2                leds_off
                0x00000000000036e0                leds_toggle
                0x00000000000036ea                leds_blink
 .text          0x000000000000370a       0x5c contiki-z1.a(watchdog.o)
                0x000000000000370a                __isr_26
                0x000000000000370a                watchdog_interrupt
                0x0000000000003710                watchdog_start
                0x0000000000003724                watchdog_periodic
                0x0000000000003736                watchdog_stop
                0x000000000000374c                watchdog_init
                0x0000000000003760                watchdog_reboot
 .text          0x0000000000003766      0x350 contiki-z1.a(xmem.o)
                0x00000000000037de                xmem_init
                0x00000000000037fc                xmem_pread
                0x00000000000038cc                xmem_pwrite
                0x0000000000003a00                xmem_erase
 .text          0x0000000000003ab6       0x38 contiki-z1.a(spi.o)
                0x0000000000003ab6                spi_init
 .text          0x0000000000003aee      0xb74 contiki-z1.a(cc2420.o)
                0x0000000000003f24                cc2420_on
                0x0000000000003f46                cc2420_off
                0x0000000000004170                cc2420_get_channel
                0x0000000000004176                cc2420_set_channel
                0x00000000000041b0                cc2420_set_pan_addr
                0x00000000000041fc                cc2420_interrupt
                0x0000000000004214                cc2420_set_txpower
                0x0000000000004222                cc2420_get_txpower
                0x000000000000435e                cc2420_rssi
                0x00000000000044a8                cc2420_set_cca_threshold
                0x0000000000004572                cc2420_init
 .text          0x0000000000004662       0x1a contiki-z1.a(cc2420-arch.o)
                0x0000000000004662                cc2420_arch_init
 .text          0x000000000000467c       0x9a contiki-z1.a(node-id.o)
                0x000000000000467c                node_id_restore
                0x00000000000046c8                node_id_burn
 .text          0x0000000000004716      0x158 contiki-z1.a(sensors.o)
                0x00000000000047d4                sensors_first
                0x00000000000047da                sensors_next
                0x0000000000004806                sensors_changed
                0x0000000000004830                sensors_find
 .text          0x000000000000486e       0xe6 contiki-z1.a(uart0.o)
                0x000000000000486e                uart0_active
                0x000000000000487c                uart0_set_input
                0x0000000000004882                uart0_writeb
                0x000000000000489a                uart0_init
                0x00000000000048ee                __isr_23
                0x00000000000048ee                uart0_rx_interrupt
 .text          0x0000000000004954       0x10 contiki-z1.a(uart0-putchar.o)
                0x0000000000004954                putchar
 .text          0x0000000000004964        0x0 contiki-z1.a(z1-sensors.o)
 .text          0x0000000000004964      0x394 contiki-z1.a(adxl345.o)
                0x0000000000004a78                accm_read_axis
                0x0000000000004afe                accm_set_grange
                0x0000000000004b2e                accm_init
                0x0000000000004ba4                accm_stop
                0x0000000000004bfc                accm_set_irq
                0x0000000000004c34                port1_isr
                0x0000000000004c34                __isr_18
 .text          0x0000000000004cf8      0x172 contiki-z1.a(tmp102.o)
                0x0000000000004d0a                tmp102_init
                0x0000000000004d2e                tmp102_stop
                0x0000000000004d60                tmp102_write_reg
                0x0000000000004d98                tmp102_read_reg
                0x0000000000004df8                tmp102_read_temp_raw
                0x0000000000004e00                tmp102_read_temp_x100
                0x0000000000004e5c                tmp102_read_temp_simple
 .text          0x0000000000004e6a      0x1e8 contiki-z1.a(clock.o)
                0x0000000000004e6a                __isr_24
                0x0000000000004e6a                timera1
                0x0000000000004f74                clock_time
                0x0000000000004f8e                clock_set
                0x0000000000004fa4                clock_fine_max
                0x0000000000004faa                clock_fine
                0x0000000000004fb6                clock_init
                0x0000000000004fde                clock_delay
                0x0000000000004fea                clock_wait
                0x0000000000005012                clock_set_seconds
                0x000000000000502a                clock_seconds
                0x0000000000005044                clock_counter
 .text          0x0000000000005052       0x78 contiki-z1.a(leds-arch.o)
                0x0000000000005052                leds_arch_init
                0x0000000000005060                leds_arch_get
                0x0000000000005090                leds_arch_set
 .text          0x00000000000050ca       0x7e contiki-z1.a(rtimer-arch.o)
                0x00000000000050ca                rtimer_arch_init
                0x00000000000050d8                rtimer_arch_now
                0x00000000000050e6                __isr_25
                0x00000000000050e6                timera0
                0x0000000000005142                rtimer_arch_schedule
 .text          0x0000000000005148       0x2a contiki-z1.a(autostart.o)
                0x0000000000005148                autostart_start
                0x000000000000515e                autostart_exit
 .text          0x0000000000005172       0xae contiki-z1.a(energest.o)
                0x0000000000005172                energest_init
                0x000000000000519a                energest_type_time
                0x00000000000051d6                energest_leveldevice_leveltime
                0x00000000000051dc                energest_type_set
                0x00000000000051e8                energest_flush
 .text          0x0000000000005220      0x1c4 contiki-z1.a(ctimer.o)
                0x00000000000052bc                ctimer_init
                0x00000000000052d4                ctimer_set_with_process
                0x0000000000005322                ctimer_set
                0x0000000000005332                ctimer_reset
                0x000000000000535e                ctimer_restart
                0x000000000000538a                ctimer_stop
                0x00000000000053b2                ctimer_expired
 .text          0x00000000000053e4      0x270 contiki-z1.a(etimer.o)
                0x0000000000005454                etimer_request_poll
                0x000000000000555e                etimer_set
                0x0000000000005570                etimer_reset_with_new_interval
                0x000000000000558e                etimer_reset
                0x00000000000055a0                etimer_restart
                0x00000000000055b2                etimer_adjust
                0x00000000000055cc                etimer_expired
                0x00000000000055da                etimer_expiration_time
                0x00000000000055ee                etimer_start_time
                0x00000000000055f6                etimer_pending
                0x0000000000005602                etimer_next_expiration_time
                0x0000000000005618                etimer_stop
 .text          0x0000000000005654      0x282 contiki-z1.a(process.o)
                0x0000000000005754                process_alloc_event
                0x0000000000005762                process_exit
                0x000000000000576c                process_init
                0x0000000000005788                process_run
                0x0000000000005814                process_nevents
                0x0000000000005822                process_post
                0x000000000000586c                process_post_synch
                0x000000000000587e                process_start
                0x00000000000058b0                process_poll
                0x00000000000058c8                process_is_running
 .text          0x00000000000058d6       0x50 contiki-z1.a(rtimer.o)
                0x00000000000058d6                rtimer_init
                0x00000000000058dc                rtimer_set
                0x0000000000005900                rtimer_run_next
 .text          0x0000000000005926       0x8c contiki-z1.a(timer.o)
                0x0000000000005926                timer_set
                0x0000000000005942                timer_reset
                0x0000000000005950                timer_restart
                0x0000000000005964                timer_expired
                0x000000000000598e                timer_remaining
 .text          0x00000000000059b2       0xf6 contiki-z1.a(list.o)
                0x00000000000059b2                list_init
                0x00000000000059b8                list_head
                0x00000000000059bc                list_copy
                0x00000000000059c2                list_tail
                0x00000000000059d4                list_chop
                0x00000000000059f8                list_pop
                0x0000000000005a06                list_remove
                0x0000000000005a3a                list_push
                0x0000000000005a50                list_add
                0x0000000000005a76                list_length
                0x0000000000005a86                list_insert
                0x0000000000005a9c                list_item_next
 .text          0x0000000000005aa8        0xc contiki-z1.a(random.o)
                0x0000000000005aa8                random_init
                0x0000000000005aae                random_rand
 .text          0x0000000000005ab4      0x688 contiki-z1.a(uip-ds6.o)
                0x0000000000005ab4                uip_ds6_list_loop
                0x0000000000005b1a                uip_ds6_prefix_add
                0x0000000000005b8a                uip_ds6_prefix_rm
                0x0000000000005b94                uip_ds6_prefix_lookup
                0x0000000000005bbc                uip_ds6_is_addr_onlink
                0x0000000000005bfe                uip_ds6_addr_lookup
                0x0000000000005c28                uip_ds6_get_link_local
                0x0000000000005c66                uip_ds6_get_global
                0x0000000000005ca4                uip_ds6_maddr_add
                0x0000000000005cec                uip_ds6_addr_add
                0x0000000000005da0                uip_ds6_maddr_rm
                0x0000000000005daa                uip_ds6_maddr_lookup
                0x0000000000005dd4                uip_ds6_addr_rm
                0x0000000000005e28                uip_ds6_periodic
                0x0000000000005e6e                uip_ds6_aaddr_add
                0x0000000000005eb4                uip_ds6_aaddr_rm
                0x0000000000005ebe                uip_ds6_aaddr_lookup
                0x0000000000005ee6                uip_ds6_set_addr_iid
                0x0000000000005efa                get_match_length
                0x0000000000005f34                uip_ds6_select_src
                0x0000000000005fce                uip_ds6_compute_reachable_time
                0x0000000000006004                uip_ds6_init
 .text          0x000000000000613c      0x494 contiki-z1.a(uip-ds6-route.o)
                0x000000000000617c                uip_ds6_notification_add
                0x0000000000006194                uip_ds6_notification_rm
                0x00000000000061a0                uip_ds6_route_init
                0x00000000000061d6                uip_ds6_route_nexthop
                0x00000000000061f0                uip_ds6_route_head
                0x00000000000061fa                uip_ds6_route_next
                0x0000000000006208                uip_ds6_route_is_nexthop
                0x0000000000006226                uip_ds6_route_num_routes
                0x000000000000622c                uip_ds6_route_lookup
                0x000000000000629a                uip_ds6_route_rm
                0x0000000000006374                uip_ds6_route_add
                0x0000000000006470                uip_ds6_route_rm_by_nexthop
                0x0000000000006484                uip_ds6_defrt_rm
                0x00000000000064c8                uip_ds6_defrt_lookup
                0x00000000000064fa                uip_ds6_defrt_add
                0x0000000000006562                uip_ds6_defrt_choose
                0x0000000000006598                uip_ds6_defrt_periodic
 .text          0x00000000000065d0     0x12b4 contiki-z1.a(uip6.o)
                0x0000000000006724                uip_add32
                0x0000000000006788                uip_chksum
                0x00000000000067a0                uip_icmp6chksum
                0x00000000000067aa                uip_tcpchksum
                0x00000000000067b4                uip_udpchksum
                0x00000000000067be                uip_init
                0x0000000000006814                uip_connect
                0x000000000000691a                remove_ext_hdr
                0x000000000000696c                uip_udp_new
                0x0000000000006a0c                uip_unlisten
                0x0000000000006a28                uip_listen
                0x0000000000006a46                uip_process
                0x00000000000077e6                uip_htons
                0x00000000000077f2                uip_htonl
                0x000000000000781c                uip_send
 .text.unlikely
                0x0000000000007884       0x2e contiki-z1.a(uip6.o)
 .text          0x00000000000078b2      0x12c contiki-z1.a(uip-ds6-nbr.o)
                0x00000000000078b2                uip_ds6_nbr_rm
                0x00000000000078d0                uip_ds6_neighbors_init
                0x00000000000078e2                uip_ds6_nbr_add
                0x0000000000007918                uip_ds6_nbr_get_ipaddr
                0x000000000000791a                uip_ds6_nbr_get_ll
                0x0000000000007926                uip_ds6_nbr_num
                0x000000000000794a                uip_ds6_nbr_lookup
                0x0000000000007988                uip_ds6_nbr_ll_lookup
                0x0000000000007994                uip_ds6_nbr_ipaddr_from_lladdr
                0x000000000000799a                uip_ds6_nbr_lladdr_from_ipaddr
                0x00000000000079ac                uip_ds6_link_neighbor_callback
 .text          0x00000000000079de      0x17c contiki-z1.a(uip-nd6.o)
                0x00000000000079de                uip_nd6_ns_output
                0x0000000000007b58                uip_nd6_init
 .text          0x0000000000007b5a     0x1126 contiki-z1.a(sicslowpan.o)
                0x0000000000008536                sicslowpan_init
                0x0000000000008c6e                rime_sniffer_add
                0x0000000000008c74                rime_sniffer_remove
                0x0000000000008c7a                sicslowpan_get_last_rssi
 .text          0x0000000000008c80       0xba contiki-z1.a(uip-debug.o)
                0x0000000000008c80                uip_debug_ipaddr_print
 .text          0x0000000000008d3a      0x408 contiki-z1.a(tcpip.o)
                0x0000000000008d50                tcpip_output
                0x0000000000008d60                tcpip_set_outputfunc
                0x0000000000008d66                tcp_unlisten
                0x0000000000008d8c                tcp_listen
                0x0000000000008db0                tcp_attach
                0x0000000000008dbc                udp_attach
                0x0000000000008dc8                udp_new
                0x0000000000008de2                udp_broadcast_new
                0x0000000000008e28                tcpip_input
                0x0000000000008e3e                tcpip_ipv6_output
                0x00000000000090a0                tcpip_poll_udp
                0x00000000000090ae                tcpip_poll_tcp
                0x00000000000090bc                tcp_connect
                0x00000000000090de                tcpip_uipcall
 .text          0x0000000000009142     0x11fe contiki-z1.a(rpl-dag.o)
                0x00000000000092aa                rpl_dag_init
                0x00000000000092b8                rpl_get_parent
                0x00000000000092c4                rpl_get_parent_rank
                0x00000000000092dc                rpl_get_parent_link_metric
                0x000000000000930a                rpl_rank_via_parent
                0x0000000000009338                rpl_get_parent_lladdr
                0x0000000000009344                rpl_get_nbr
                0x000000000000935c                rpl_get_parent_ipaddr
                0x0000000000009366                rpl_get_parent_link_stats
                0x0000000000009370                rpl_print_neighbor_list
                0x000000000000947e                rpl_parent_is_fresh
                0x00000000000094ec                rpl_parent_is_reachable
                0x0000000000009532                rpl_set_prefix
                0x00000000000095a6                rpl_set_default_route
                0x00000000000095e0                rpl_alloc_instance
                0x0000000000009614                rpl_set_default_instance
                0x000000000000961a                rpl_get_default_instance
                0x0000000000009620                rpl_add_parent
                0x000000000000965a                rpl_find_parent
                0x0000000000009672                rpl_find_parent_any_dag
                0x0000000000009692                rpl_select_parent
                0x00000000000096f4                rpl_select_dag
                0x0000000000009862                rpl_nullify_parent
                0x00000000000098be                rpl_remove_parent
                0x0000000000009906                rpl_free_dag
                0x000000000000994a                rpl_free_instance
                0x00000000000099b2                rpl_move_parent
                0x0000000000009a12                rpl_has_downward_route
                0x0000000000009a28                rpl_get_dag
                0x0000000000009a84                rpl_get_any_dag
                0x0000000000009a9c                rpl_get_instance
                0x0000000000009ab6                rpl_alloc_dag
                0x0000000000009b12                rpl_repair_root
                0x0000000000009b62                rpl_find_of
                0x0000000000009b72                rpl_set_root
                0x0000000000009ca0                rpl_join_instance
                0x0000000000009de4                rpl_local_repair
                0x0000000000009e5c                rpl_process_parent_event
                0x0000000000009ede                rpl_recalculate_ranks
                0x0000000000009f24                rpl_add_dag
                0x000000000000a028                rpl_process_dio
 .text          0x000000000000a340      0x4fa contiki-z1.a(rpl-timers.o)
                0x000000000000a604                rpl_reset_periodic_timer
                0x000000000000a660                rpl_reset_dio_timer
                0x000000000000a678                rpl_schedule_dao
                0x000000000000a684                rpl_schedule_dao_immediately
                0x000000000000a68e                rpl_cancel_dao
                0x000000000000a6a8                rpl_schedule_unicast_dio_immediately
                0x000000000000a6be                get_probing_delay
                0x000000000000a6fe                get_probing_target
                0x000000000000a7e0                rpl_schedule_probing
 .text          0x000000000000a83a      0x326 contiki-z1.a(rpl-ext-header.)
                0x000000000000a99a                rpl_verify_hbh_header
                0x000000000000aa92                rpl_remove_header
                0x000000000000ab08                rpl_update_header
 .text          0x000000000000ab60      0x29c contiki-z1.a(rpl.o)
                0x000000000000ab60                rpl_get_mode
                0x000000000000ab66                rpl_set_mode
                0x000000000000abb8                rpl_purge_routes
                0x000000000000ac4e                rpl_remove_routes
                0x000000000000ac70                rpl_remove_routes_by_nexthop
                0x000000000000acae                rpl_add_route
                0x000000000000acf0                rpl_link_neighbor_callback
                0x000000000000ad3c                rpl_ipv6_neighbor_callback
                0x000000000000ad5a                rpl_purge_dags
                0x000000000000adb8                rpl_init
 .text          0x000000000000adfc      0x190 contiki-z1.a(rpl-mrhof.o)
 .text          0x000000000000af8c      0x13c contiki-z1.a(queuebuf.o)
                0x000000000000af8c                queuebuf_init
                0x000000000000af9e                queuebuf_numfree
                0x000000000000afa8                queuebuf_new_from_packetbuf
                0x000000000000aff6                queuebuf_update_attr_from_packetbuf
                0x000000000000b008                queuebuf_update_from_packetbuf
                0x000000000000b02a                queuebuf_free
                0x000000000000b054                queuebuf_to_packetbuf
                0x000000000000b086                queuebuf_dataptr
                0x000000000000b0a2                queuebuf_datalen
                0x000000000000b0aa                queuebuf_addr
                0x000000000000b0b8                queuebuf_attr
                0x000000000000b0c6                queuebuf_debug_print
 .text          0x000000000000b0c8      0x4fc contiki-z1.a(nbr-table.o)
                0x000000000000b29e                nbr_table_register
                0x000000000000b2c4                nbr_table_next
                0x000000000000b33c                nbr_table_head
                0x000000000000b36e                nbr_table_add_lladdr
                0x000000000000b48e                nbr_table_get_from_lladdr
                0x000000000000b4d2                nbr_table_remove
                0x000000000000b4fc                nbr_table_lock
                0x000000000000b50c                nbr_table_unlock
                0x000000000000b51c                nbr_table_get_lladdr
                0x000000000000b570                nbr_table_update_lladdr
 .text          0x000000000000b5c4      0x1b0 contiki-z1.a(packetbuf.o)
                0x000000000000b5c4                packetbuf_hdrreduce
                0x000000000000b5de                packetbuf_set_datalen
                0x000000000000b5e4                packetbuf_hdrptr
                0x000000000000b5ea                packetbuf_datalen
                0x000000000000b5f0                packetbuf_hdrlen
                0x000000000000b5fa                packetbuf_dataptr
                0x000000000000b606                packetbuf_copyto
                0x000000000000b640                packetbuf_compact
                0x000000000000b676                packetbuf_totlen
                0x000000000000b682                packetbuf_hdralloc
                0x000000000000b6bc                packetbuf_attr_clear
                0x000000000000b6e4                packetbuf_clear
                0x000000000000b6f6                packetbuf_copyfrom
                0x000000000000b720                packetbuf_attr_copyto
                0x000000000000b742                packetbuf_attr_copyfrom
                0x000000000000b766                packetbuf_holds_broadcast
 .text          0x000000000000b774       0x26 contiki-z1.a(linkaddr.o)
                0x000000000000b774                linkaddr_copy
                0x000000000000b77c                linkaddr_cmp
                0x000000000000b78e                linkaddr_set_node_addr
 .text          0x000000000000b79a      0x238 contiki-z1.a(link-stats.o)
                0x000000000000b7c6                link_stats_from_lladdr
                0x000000000000b7d2                link_stats_is_fresh
                0x000000000000b802                guess_etx_from_rssi
                0x000000000000b844                link_stats_packet_sent
                0x000000000000b904                link_stats_input_callback
                0x000000000000b9b0                link_stats_init
 .text          0x000000000000b9d2      0x1c6 contiki-z1.a(framer-802154.o)
 .text          0x000000000000bb98      0x388 contiki-z1.a(csma.o)
 .text          0x000000000000bf20      0x5f0 contiki-z1.a(contikimac.o)
                0x000000000000c50c                contikimac_debug_print
 .text          0x000000000000c510       0x12 contiki-z1.a(nullsec.o)
 .text          0x000000000000c522      0x1b2 contiki-z1.a(i2cmaster.o)
                0x000000000000c522                i2c_setrate
                0x000000000000c528                i2c_receiveinit
                0x000000000000c560                i2c_transmitinit
                0x000000000000c592                i2c_receive_n
                0x000000000000c5d6                i2c_busy
                0x000000000000c5e0                i2c_enable
                0x000000000000c604                i2c_disable
                0x000000000000c61e                i2c_transmit_n
                0x000000000000c632                __isr_16
                0x000000000000c632                i2c_tx_interrupt
                0x000000000000c6bc                i2c_rx_interrupt
                0x000000000000c6bc                __isr_17
 .text          0x000000000000c6d4      0x100 contiki-z1.a(button-sensor.o)
                0x000000000000c75e                irq_p2
                0x000000000000c75e                __isr_19
 .text          0x000000000000c7d4       0xa4 contiki-z1.a(stimer.o)
                0x000000000000c7d4                stimer_set
                0x000000000000c7f0                stimer_reset
                0x000000000000c7fe                stimer_restart
                0x000000000000c812                stimer_expired
                0x000000000000c842                stimer_remaining
                0x000000000000c866                stimer_elapsed
 .text          0x000000000000c878      0x102 contiki-z1.a(memb.o)
                0x000000000000c878                memb_init
                0x000000000000c8ae                memb_alloc
                0x000000000000c8ec                memb_free
                0x000000000000c926                memb_inmemb
                0x000000000000c954                memb_numfree
 .text          0x000000000000c97a      0x3e4 contiki-z1.a(uip-icmp6.o)
                0x000000000000caee                uip_icmp6_input
                0x000000000000cb2e                uip_icmp6_register_input_handler
                0x000000000000cb3a                uip_icmp6_error_output
                0x000000000000cca2                uip_icmp6_send
                0x000000000000cd28                uip_icmp6_echo_reply_callback_add
                0x000000000000cd40                uip_icmp6_echo_reply_callback_rm
                0x000000000000cd4c                uip_icmp6_init
 .text          0x000000000000cd5e      0xa5a contiki-z1.a(rpl-icmp6.o)
                0x000000000000d098                rpl_icmp6_update_nbr_table
                0x000000000000d322                dis_output
                0x000000000000d372                dio_output
                0x000000000000d5fc                dao_output_target
                0x000000000000d6f4                dao_output
                0x000000000000d794                dao_ack_output
                0x000000000000d796                rpl_icmp6_register_handlers
 .text          0x000000000000d7b8      0x1a2 contiki-z1.a(rpl-nbr-policy.)
                0x000000000000d8a4                find_removable_dis
                0x000000000000d8ba                find_removable_dio
                0x000000000000d8f6                find_removable_dao
                0x000000000000d92a                rpl_nbr_policy_find_removable
 .text          0x000000000000d95a       0xd0 contiki-z1.a(mac-sequence.o)
                0x000000000000d95a                mac_sequence_is_duplicate
                0x000000000000d9b2                mac_sequence_register_seqno
 .text          0x000000000000da2a      0x558 contiki-z1.a(frame802154.o)
                0x000000000000da2a                frame802154_get_pan_id
                0x000000000000da30                frame802154_set_pan_id
                0x000000000000da36                frame802154_has_panid
                0x000000000000db5e                frame802154_check_dest_panid
                0x000000000000db96                frame802154_is_broadcast_addr
                0x000000000000dbba                frame802154_extract_linkaddr
                0x000000000000dc46                frame802154_hdrlen
                0x000000000000dc78                frame802154_create
                0x000000000000ddae                frame802154_parse
 .text          0x000000000000df82       0x14 contiki-z1.a(mac.o)
                0x000000000000df82                mac_call_sent_callback
 .text          0x000000000000df96        0x0 /usr/lib/gcc/msp430/4.6.3/mcpu-430x/mmpy-16/libgcc.a(_mulsi3.o)
 .text.libgcc   0x000000000000df96       0x2a /usr/lib/gcc/msp430/4.6.3/mcpu-430x/mmpy-16/libgcc.a(_mulsi3.o)
                0x000000000000df96                __mulsi3
 .text          0x000000000000dfc0        0x0 /usr/lib/gcc/msp430/4.6.3/mcpu-430x/mmpy-16/libgcc.a(_udivmod16.o)
 .text.libgcc   0x000000000000dfc0       0x22 /usr/lib/gcc/msp430/4.6.3/mcpu-430x/mmpy-16/libgcc.a(_udivmod16.o)
                0x000000000000dfc0                __udivhi3
                0x000000000000dfc0                __ext_udivmod16
                0x000000000000dfda                __umodhi3
 .text          0x000000000000dfe2        0x0 /usr/lib/gcc/msp430/4.6.3/mcpu-430x/mmpy-16/libgcc.a(_divmod16.o)
 .text.libgcc   0x000000000000dfe2       0x3a /usr/lib/gcc/msp430/4.6.3/mcpu-430x/mmpy-16/libgcc.a(_divmod16.o)
                0x000000000000dfe2                __ext_divmod16
                0x000000000000dfe2                __divhi3
                0x000000000000e014                __modhi3
 .text          0x000000000000e01c        0x0 /usr/lib/gcc/msp430/4.6.3/mcpu-430x/mmpy-16/libgcc.a(_udivmod32.o)
 .text.libgcc   0x000000000000e01c       0x38 /usr/lib/gcc/msp430/4.6.3/mcpu-430x/mmpy-16/libgcc.a(_udivmod32.o)
                0x000000000000e01c                __udivsi3
                0x000000000000e01c                __ext_udivmod32
                0x000000000000e04a                __umodsi3
 .text          0x000000000000e054        0x0 /usr/lib/gcc/msp430/4.6.3/mcpu-430x/mmpy-16/libgcc.a(_divmod32.o)
 .text.libgcc   0x000000000000e054       0x4c /usr/lib/gcc/msp430/4.6.3/mcpu-430x/mmpy-16/libgcc.a(_divmod32.o)
                0x000000000000e054                __ext_divmod32
                0x000000000000e054                __divsi3
                0x000000000000e096                __modsi3
 .text          0x000000000000e0a0       0x28 /usr/lib/gcc/msp430/4.6.3/../../../../msp430/lib/mcpu-430x/mmpy-16/libc.a(strncmp.o)
                0x000000000000e0a0                strncmp
 .text          0x000000000000e0c8       0x20 /usr/lib/gcc/msp430/4.6.3/../../../../msp430/lib/mcpu-430x/mmpy-16/libc.a(memcmp.o)
                0x000000000000e0c8                memcmp
 .text          0x000000000000e0e8       0xe4 /usr/lib/gcc/msp430/4.6.3/../../../../msp430/lib/mcpu-430x/mmpy-16/libc.a(memcpy.o)
                0x000000000000e0e8                memcpy
 .text          0x000000000000e1cc       0xe4 /usr/lib/gcc/msp430/4.6.3/../../../../msp430/lib/mcpu-430x/mmpy-16/libc.a(memmove.o)
                0x000000000000e1cc                memmove
 .text          0x000000000000e2b0       0x5c /usr/lib/gcc/msp430/4.6.3/../../../../msp430/lib/mcpu-430x/mmpy-16/libc.a(memset.o)
                0x000000000000e2b0                memset
 .text          0x000000000000e30c       0x1e /usr/lib/gcc/msp430/4.6.3/../../../../msp430/lib/mcpu-430x/mmpy-16/libc.a(printf.o)
                0x000000000000e30c                printf
                0x000000000000e31c                vprintf
 .text          0x000000000000e32a      0x818 /usr/lib/gcc/msp430/4.6.3/../../../../msp430/lib/mcpu-430x/mmpy-16/libc.a(vuprintf.o)
                0x000000000000e4a6                vuprintf
 .text          0x000000000000eb42       0x2c /usr/lib/gcc/msp430/4.6.3/../../../../msp430/lib/mcpu-430x/mmpy-16/libc.a(puts.o)
                0x000000000000eb42                puts
 .text          0x000000000000eb6e       0x54 /usr/lib/gcc/msp430/4.6.3/../../../../msp430/lib/mcpu-430x/mmpy-16/libc.a(rand.o)
                0x000000000000eb6e                rand_r
                0x000000000000eb92                rand
                0x000000000000ebb8                srand
 .text          0x000000000000ebc2        0x0 /usr/lib/gcc/msp430/4.6.3/mcpu-430x/mmpy-16/libgcc.a(_udivmod64.o)
 .text.libgcc   0x000000000000ebc2       0xbc /usr/lib/gcc/msp430/4.6.3/mcpu-430x/mmpy-16/libgcc.a(_udivmod64.o)
                0x000000000000ebc2                __xabi_udivmod64
                0x000000000000ec14                __udivdi3
                0x000000000000ec2e                __umoddi3
                0x000000000000ec50                __udivmoddi4
 .text          0x000000000000ec7e        0x0 /usr/lib/gcc/msp430/4.6.3/mcpu-430x/mmpy-16/libcrt0.a(_reset_vector__.o)
 .text          0x000000000000ec7e        0x0 /usr/lib/gcc/msp430/4.6.3/mcpu-430x/mmpy-16/libcrt0.a(__watchdog_support.o)
 .text          0x000000000000ec7e        0x0 /usr/lib/gcc/msp430/4.6.3/mcpu-430x/mmpy-16/libcrt0.a(__init_stack.o)
 .text          0x000000000000ec7e        0x0 /usr/lib/gcc/msp430/4.6.3/mcpu-430x/mmpy-16/libcrt0.a(__low_level_init.o)
 .text          0x000000000000ec7e        0x0 /usr/lib/gcc/msp430/4.6.3/mcpu-430x/mmpy-16/libcrt0.a(_copy_data.o)
 .text          0x000000000000ec7e        0x0 /usr/lib/gcc/msp430/4.6.3/mcpu-430x/mmpy-16/libcrt0.a(_clear_bss.o)
 .text          0x000000000000ec7e        0x0 /usr/lib/gcc/msp430/4.6.3/mcpu-430x/mmpy-16/libcrt0.a(__stop_progExec__.o)
 .text          0x000000000000ec7e        0x0 /usr/lib/gcc/msp430/4.6.3/mcpu-430x/mmpy-16/libcrt0.a(_endless_loop__.o)
 .text          0x000000000000ec7e        0x0 /usr/lib/gcc/msp430/4.6.3/mcpu-430x/mmpy-16/libcrt0.a(_unexpected_.o)
 .text.crt0     0x000000000000ec7e        0x2 /usr/lib/gcc/msp430/4.6.3/mcpu-430x/mmpy-16/libcrt0.a(_unexpected_.o)
                0x000000000000ec7e                _unexpected_
                0x000000000000ec80                . = ALIGN (0x2)

.rodata         0x000000000000ec80      0x3e8
                0x000000000000ec80                . = ALIGN (0x2)
 *(.rodata .rodata.* .gnu.linkonce.r.*)
 .rodata        0x000000000000ec80       0x68 01-hello-world.co
                0x000000000000ecd0                autostart_processes
 .rodata        0x000000000000ece8      0x115 obj_z1/contiki-z1-main.o
 .rodata        0x000000000000edfd       0x2c contiki-z1.a(xmem.o)
 *fill*         0x000000000000ee29        0x1 00
 .rodata        0x000000000000ee2a       0x70 contiki-z1.a(cc2420.o)
                0x000000000000ee5c                cc2420_aes_128_driver
                0x000000000000ee60                cc2420_driver
 .rodata        0x000000000000ee9a        0x8 contiki-z1.a(sensors.o)
 .rodata        0x000000000000eea2       0x2e contiki-z1.a(adxl345.o)
                0x000000000000eeb2                adxl345
 .rodata        0x000000000000eed0       0x16 contiki-z1.a(tmp102.o)
                0x000000000000eede                tmp102
 .rodata        0x000000000000eee6        0xf contiki-z1.a(ctimer.o)
 .rodata        0x000000000000eef5        0xc contiki-z1.a(etimer.o)
 *fill*         0x000000000000ef01        0x1 00
 .rodata        0x000000000000ef02       0x20 contiki-z1.a(uip6.o)
 .rodata        0x000000000000ef22       0x24 contiki-z1.a(sicslowpan.o)
                0x000000000000ef2e                sicslowpan_driver
                0x000000000000ef34                llprefix
                0x000000000000ef36                unc_mxconf
                0x000000000000ef3a                unc_ctxconf
                0x000000000000ef3e                unc_llconf
 .rodata        0x000000000000ef46       0x28 contiki-z1.a(uip-debug.o)
 .rodata        0x000000000000ef6e        0xd contiki-z1.a(tcpip.o)
 .rodata        0x000000000000ef7b       0x84 contiki-z1.a(rpl-dag.o)
 *fill*         0x000000000000efff        0x1 00
 .rodata        0x000000000000f000        0x8 contiki-z1.a(linkaddr.o)
                0x000000000000f000                linkaddr_null
 .rodata        0x000000000000f008        0x6 contiki-z1.a(framer-802154.o)
                0x000000000000f008                framer_802154
 .rodata        0x000000000000f00e       0x14 contiki-z1.a(csma.o)
                0x000000000000f014                csma_driver
 .rodata        0x000000000000f022       0x1c contiki-z1.a(contikimac.o)
                0x000000000000f02e                contikimac_driver
 .rodata        0x000000000000f03e       0x10 contiki-z1.a(nullsec.o)
                0x000000000000f046                nullsec_driver
 .rodata        0x000000000000f04e       0x10 contiki-z1.a(button-sensor.o)
                0x000000000000f056                button_sensor
 .rodata        0x000000000000f05e        0x2 contiki-z1.a(frame802154.o)
 .rodata        0x000000000000f060        0x7 /usr/lib/gcc/msp430/4.6.3/../../../../msp430/lib/mcpu-430x/mmpy-16/libc.a(vuprintf.o)
                0x000000000000f068                . = ALIGN (0x2)
 *fill*         0x000000000000f067        0x1 00
                0x000000000000f068                _etext = .

.data           0x0000000000001100      0x116 load address 0x000000000000f068
                0x0000000000001100                . = ALIGN (0x2)
                0x0000000000001100                PROVIDE (__data_start, .)
 *(.data .data.* .gnu.linkonce.d.*)
 .data          0x0000000000001100        0x0 /usr/lib/gcc/msp430/4.6.3/mcpu-430x/mmpy-16/crt0ivtbl32.o
 .data          0x0000000000001100        0xa 01-hello-world.co
                0x0000000000001100                hello_world_process
 .data          0x000000000000110a        0x0 obj_z1/contiki-z1-main.o
 .data          0x000000000000110a        0x0 contiki-z1.a(contiki-z1-plat)
 .data          0x000000000000110a        0x2 contiki-z1.a(msp430.o)
 .data          0x000000000000110c        0x0 contiki-z1.a(leds.o)
 .data          0x000000000000110c        0x0 contiki-z1.a(watchdog.o)
 .data          0x000000000000110c        0x0 contiki-z1.a(xmem.o)
 .data          0x000000000000110c        0x0 contiki-z1.a(spi.o)
 .data          0x000000000000110c        0xc contiki-z1.a(cc2420.o)
                0x000000000000110c                cc2420_process
 .data          0x0000000000001118        0x0 contiki-z1.a(cc2420-arch.o)
 .data          0x0000000000001118        0x0 contiki-z1.a(node-id.o)
 .data          0x0000000000001118        0xa contiki-z1.a(sensors.o)
                0x0000000000001118                sensors_process
 .data          0x0000000000001122        0x0 contiki-z1.a(uart0.o)
 .data          0x0000000000001122        0x0 contiki-z1.a(uart0-putchar.o)
 .data          0x0000000000001122        0x8 contiki-z1.a(z1-sensors.o)
                0x0000000000001122                sensors
 .data          0x000000000000112a       0x20 contiki-z1.a(adxl345.o)
                0x000000000000112a                accmeter_process
 .data          0x000000000000114a        0x0 contiki-z1.a(tmp102.o)
 .data          0x000000000000114a        0x0 contiki-z1.a(clock.o)
 .data          0x000000000000114a        0x0 contiki-z1.a(leds-arch.o)
 .data          0x000000000000114a        0x0 contiki-z1.a(rtimer-arch.o)
 .data          0x000000000000114a        0x0 contiki-z1.a(autostart.o)
 .data          0x000000000000114a        0x0 contiki-z1.a(energest.o)
 .data          0x000000000000114a        0xa contiki-z1.a(ctimer.o)
                0x000000000000114a                ctimer_process
 .data          0x0000000000001154        0xa contiki-z1.a(etimer.o)
                0x0000000000001154                etimer_process
 .data          0x000000000000115e        0x0 contiki-z1.a(process.o)
 .data          0x000000000000115e        0x0 contiki-z1.a(rtimer.o)
 .data          0x000000000000115e        0x0 contiki-z1.a(timer.o)
 .data          0x000000000000115e        0x0 contiki-z1.a(list.o)
 .data          0x000000000000115e        0x0 contiki-z1.a(random.o)
 .data          0x000000000000115e        0x0 contiki-z1.a(uip-ds6.o)
 .data          0x000000000000115e       0x22 contiki-z1.a(uip-ds6-route.o)
                0x000000000000115e                nbr_routes
 .data          0x0000000000001180        0x0 contiki-z1.a(uip6.o)
 .data          0x0000000000001180        0xa contiki-z1.a(uip-ds6-nbr.o)
                0x0000000000001180                ds6_neighbors
 .data          0x000000000000118a        0x0 contiki-z1.a(uip-nd6.o)
 .data          0x000000000000118a        0x0 contiki-z1.a(sicslowpan.o)
 .data          0x000000000000118a        0x0 contiki-z1.a(uip-debug.o)
 .data          0x000000000000118a        0xa contiki-z1.a(tcpip.o)
                0x000000000000118a                tcpip_process
 .data          0x0000000000001194        0xa contiki-z1.a(rpl-dag.o)
                0x0000000000001194                rpl_parents
 .data          0x000000000000119e        0x0 contiki-z1.a(rpl-timers.o)
 .data          0x000000000000119e        0x0 contiki-z1.a(rpl-ext-header.)
 .data          0x000000000000119e        0x0 contiki-z1.a(rpl.o)
 .data          0x000000000000119e       0x12 contiki-z1.a(rpl-mrhof.o)
                0x000000000000119e                rpl_mrhof
 .data          0x00000000000011b0       0x10 contiki-z1.a(queuebuf.o)
 .data          0x00000000000011c0        0x8 contiki-z1.a(nbr-table.o)
 .data          0x00000000000011c8        0x0 contiki-z1.a(packetbuf.o)
 .data          0x00000000000011c8        0x0 contiki-z1.a(linkaddr.o)
 .data          0x00000000000011c8        0x8 contiki-z1.a(link-stats.o)
 .data          0x00000000000011d0        0x0 contiki-z1.a(framer-802154.o)
 .data          0x00000000000011d0       0x18 contiki-z1.a(csma.o)
 .data          0x00000000000011e8        0x0 contiki-z1.a(contikimac.o)
 .data          0x00000000000011e8        0x0 contiki-z1.a(nullsec.o)
 .data          0x00000000000011e8        0x1 contiki-z1.a(i2cmaster.o)
                0x00000000000011e8                prescale_lsb
 .data          0x00000000000011e9        0x0 contiki-z1.a(button-sensor.o)
 .data          0x00000000000011e9        0x0 contiki-z1.a(stimer.o)
 .data          0x00000000000011e9        0x0 contiki-z1.a(memb.o)
 *fill*         0x00000000000011e9        0x1 00
 .data          0x00000000000011ea        0xc contiki-z1.a(uip-icmp6.o)
 .data          0x00000000000011f6       0x1a contiki-z1.a(rpl-icmp6.o)
 .data          0x0000000000001210        0x0 contiki-z1.a(rpl-nbr-policy.)
 .data          0x0000000000001210        0x0 contiki-z1.a(mac-sequence.o)
 .data          0x0000000000001210        0x2 contiki-z1.a(frame802154.o)
 .data          0x0000000000001212        0x0 contiki-z1.a(mac.o)
 .data          0x0000000000001212        0x0 /usr/lib/gcc/msp430/4.6.3/mcpu-430x/mmpy-16/libgcc.a(_mulsi3.o)
 .data          0x0000000000001212        0x0 /usr/lib/gcc/msp430/4.6.3/mcpu-430x/mmpy-16/libgcc.a(_udivmod16.o)
 .data          0x0000000000001212        0x0 /usr/lib/gcc/msp430/4.6.3/mcpu-430x/mmpy-16/libgcc.a(_divmod16.o)
 .data          0x0000000000001212        0x0 /usr/lib/gcc/msp430/4.6.3/mcpu-430x/mmpy-16/libgcc.a(_udivmod32.o)
 .data          0x0000000000001212        0x0 /usr/lib/gcc/msp430/4.6.3/mcpu-430x/mmpy-16/libgcc.a(_divmod32.o)
 .data          0x0000000000001212        0x0 /usr/lib/gcc/msp430/4.6.3/../../../../msp430/lib/mcpu-430x/mmpy-16/libc.a(strncmp.o)
 .data          0x0000000000001212        0x0 /usr/lib/gcc/msp430/4.6.3/../../../../msp430/lib/mcpu-430x/mmpy-16/libc.a(memcmp.o)
 .data          0x0000000000001212        0x0 /usr/lib/gcc/msp430/4.6.3/../../../../msp430/lib/mcpu-430x/mmpy-16/libc.a(memcpy.o)
 .data          0x0000000000001212        0x0 /usr/lib/gcc/msp430/4.6.3/../../../../msp430/lib/mcpu-430x/mmpy-16/libc.a(memmove.o)
 .data          0x0000000000001212        0x0 /usr/lib/gcc/msp430/4.6.3/../../../../msp430/lib/mcpu-430x/mmpy-16/libc.a(memset.o)
 .data          0x0000000000001212        0x0 /usr/lib/gcc/msp430/4.6.3/../../../../msp430/lib/mcpu-430x/mmpy-16/libc.a(printf.o)
 .data          0x0000000000001212        0x0 /usr/lib/gcc/msp430/4.6.3/../../../../msp430/lib/mcpu-430x/mmpy-16/libc.a(vuprintf.o)
 .data          0x0000000000001212        0x0 /usr/lib/gcc/msp430/4.6.3/../../../../msp430/lib/mcpu-430x/mmpy-16/libc.a(puts.o)
 .data          0x0000000000001212        0x4 /usr/lib/gcc/msp430/4.6.3/../../../../msp430/lib/mcpu-430x/mmpy-16/libc.a(rand.o)
 .data          0x0000000000001216        0x0 /usr/lib/gcc/msp430/4.6.3/mcpu-430x/mmpy-16/libgcc.a(_udivmod64.o)
 .data          0x0000000000001216        0x0 /usr/lib/gcc/msp430/4.6.3/mcpu-430x/mmpy-16/libcrt0.a(_reset_vector__.o)
 .data          0x0000000000001216        0x0 /usr/lib/gcc/msp430/4.6.3/mcpu-430x/mmpy-16/libcrt0.a(__watchdog_support.o)
 .data          0x0000000000001216        0x0 /usr/lib/gcc/msp430/4.6.3/mcpu-430x/mmpy-16/libcrt0.a(__init_stack.o)
 .data          0x0000000000001216        0x0 /usr/lib/gcc/msp430/4.6.3/mcpu-430x/mmpy-16/libcrt0.a(__low_level_init.o)
 .data          0x0000000000001216        0x0 /usr/lib/gcc/msp430/4.6.3/mcpu-430x/mmpy-16/libcrt0.a(_copy_data.o)
 .data          0x0000000000001216        0x0 /usr/lib/gcc/msp430/4.6.3/mcpu-430x/mmpy-16/libcrt0.a(_clear_bss.o)
 .data          0x0000000000001216        0x0 /usr/lib/gcc/msp430/4.6.3/mcpu-430x/mmpy-16/libcrt0.a(__stop_progExec__.o)
 .data          0x0000000000001216        0x0 /usr/lib/gcc/msp430/4.6.3/mcpu-430x/mmpy-16/libcrt0.a(_endless_loop__.o)
 .data          0x0000000000001216        0x0 /usr/lib/gcc/msp430/4.6.3/mcpu-430x/mmpy-16/libcrt0.a(_unexpected_.o)
                0x0000000000001216                . = ALIGN (0x2)
                0x0000000000001216                _edata = .
                0x000000000000f068                PROVIDE (__data_load_start, LOADADDR (.data))
                0x0000000000000116                PROVIDE (__data_size, SIZEOF (.data))

.bss            0x0000000000001216     0x186a load address 0x000000000000f17e
                0x0000000000001216                PROVIDE (__bss_start, .)
 *(.bss .bss.*)
 .bss           0x0000000000001216        0x0 /usr/lib/gcc/msp430/4.6.3/mcpu-430x/mmpy-16/crt0ivtbl32.o
 .bss           0x0000000000001216        0x0 01-hello-world.co
 .bss           0x0000000000001216        0x4 obj_z1/contiki-z1-main.o
 .bss           0x000000000000121a        0x0 contiki-z1.a(contiki-z1-plat)
 .bss           0x000000000000121a        0x0 contiki-z1.a(msp430.o)
 .bss           0x000000000000121a        0x1 contiki-z1.a(leds.o)
 *fill*         0x000000000000121b        0x1 00
 .bss           0x000000000000121c        0x2 contiki-z1.a(watchdog.o)
 .bss           0x000000000000121e        0x0 contiki-z1.a(xmem.o)
 .bss           0x000000000000121e        0x2 contiki-z1.a(spi.o)
                0x000000000000121e                spi_busy
 .bss           0x0000000000001220        0xa contiki-z1.a(cc2420.o)
 .bss           0x000000000000122a        0x0 contiki-z1.a(cc2420-arch.o)
 .bss           0x000000000000122a        0x2 contiki-z1.a(node-id.o)
                0x000000000000122a                node_id
 .bss           0x000000000000122c        0x6 contiki-z1.a(sensors.o)
 .bss           0x0000000000001232        0x4 contiki-z1.a(uart0.o)
 .bss           0x0000000000001236        0x0 contiki-z1.a(uart0-putchar.o)
 .bss           0x0000000000001236        0x0 contiki-z1.a(z1-sensors.o)
 .bss           0x0000000000001236       0x16 contiki-z1.a(adxl345.o)
 .bss           0x000000000000124c        0x1 contiki-z1.a(tmp102.o)
 *fill*         0x000000000000124d        0x1 00
 .bss           0x000000000000124e        0xa contiki-z1.a(clock.o)
 .bss           0x0000000000001258        0x0 contiki-z1.a(leds-arch.o)
 .bss           0x0000000000001258        0x0 contiki-z1.a(rtimer-arch.o)
 .bss           0x0000000000001258        0x0 contiki-z1.a(autostart.o)
 .bss           0x0000000000001258        0x0 contiki-z1.a(energest.o)
 .bss           0x0000000000001258        0x4 contiki-z1.a(ctimer.o)
 .bss           0x000000000000125c        0x6 contiki-z1.a(etimer.o)
 .bss           0x0000000000001262       0x38 contiki-z1.a(process.o)
                0x0000000000001262                process_current
                0x0000000000001264                process_list
 .bss           0x000000000000129a        0x2 contiki-z1.a(rtimer.o)
 .bss           0x000000000000129c        0x0 contiki-z1.a(timer.o)
 .bss           0x000000000000129c        0x0 contiki-z1.a(list.o)
 .bss           0x000000000000129c        0x0 contiki-z1.a(random.o)
 .bss           0x000000000000129c       0x18 contiki-z1.a(uip-ds6.o)
 .bss           0x00000000000012b4      0x2ba contiki-z1.a(uip-ds6-route.o)
 .bss           0x000000000000156e        0xc contiki-z1.a(uip6.o)
                0x000000000000156e                uip_ext_opt_offset
                0x0000000000001570                uip_ext_len
                0x0000000000001572                uip_ext_bitmap
 .bss           0x000000000000157a      0x10e contiki-z1.a(uip-ds6-nbr.o)
 .bss           0x0000000000001688        0x0 contiki-z1.a(uip-nd6.o)
 .bss           0x0000000000001688      0x6e6 contiki-z1.a(sicslowpan.o)
 .bss           0x0000000000001d6e        0x0 contiki-z1.a(uip-debug.o)
 .bss           0x0000000000001d6e       0x30 contiki-z1.a(tcpip.o)
 .bss           0x0000000000001d9e       0x5a contiki-z1.a(rpl-dag.o)
 .bss           0x0000000000001df8       0x18 contiki-z1.a(rpl-timers.o)
 .bss           0x0000000000001e10        0x0 contiki-z1.a(rpl-ext-header.)
 .bss           0x0000000000001e10        0x2 contiki-z1.a(rpl.o)
 .bss           0x0000000000001e12        0x0 contiki-z1.a(rpl-mrhof.o)
 .bss           0x0000000000001e12      0x2d0 contiki-z1.a(queuebuf.o)
 .bss           0x00000000000020e2       0xda contiki-z1.a(nbr-table.o)
 .bss           0x00000000000021bc       0x86 contiki-z1.a(packetbuf.o)
 .bss           0x0000000000002242        0x0 contiki-z1.a(linkaddr.o)
 .bss           0x0000000000002242       0x96 contiki-z1.a(link-stats.o)
 .bss           0x00000000000022d8        0x2 contiki-z1.a(framer-802154.o)
 .bss           0x00000000000022da       0x88 contiki-z1.a(csma.o)
 .bss           0x0000000000002362       0x2a contiki-z1.a(contikimac.o)
 .bss           0x000000000000238c        0x0 contiki-z1.a(nullsec.o)
 .bss           0x000000000000238c        0x4 contiki-z1.a(i2cmaster.o)
                0x000000000000238c                prescale_msb
 .bss           0x0000000000002390        0x8 contiki-z1.a(button-sensor.o)
 .bss           0x0000000000002398        0x0 contiki-z1.a(stimer.o)
 .bss           0x0000000000002398        0x0 contiki-z1.a(memb.o)
 .bss           0x0000000000002398       0x14 contiki-z1.a(uip-icmp6.o)
 .bss           0x00000000000023ac        0x0 contiki-z1.a(rpl-icmp6.o)
 .bss           0x00000000000023ac       0x20 contiki-z1.a(rpl-nbr-policy.)
 .bss           0x00000000000023cc       0xe0 contiki-z1.a(mac-sequence.o)
 .bss           0x00000000000024ac        0x0 contiki-z1.a(frame802154.o)
 .bss           0x00000000000024ac        0x0 contiki-z1.a(mac.o)
 .bss           0x00000000000024ac        0x0 /usr/lib/gcc/msp430/4.6.3/mcpu-430x/mmpy-16/libgcc.a(_mulsi3.o)
 .bss           0x00000000000024ac        0x0 /usr/lib/gcc/msp430/4.6.3/mcpu-430x/mmpy-16/libgcc.a(_udivmod16.o)
 .bss           0x00000000000024ac        0x0 /usr/lib/gcc/msp430/4.6.3/mcpu-430x/mmpy-16/libgcc.a(_divmod16.o)
 .bss           0x00000000000024ac        0x0 /usr/lib/gcc/msp430/4.6.3/mcpu-430x/mmpy-16/libgcc.a(_udivmod32.o)
 .bss           0x00000000000024ac        0x0 /usr/lib/gcc/msp430/4.6.3/mcpu-430x/mmpy-16/libgcc.a(_divmod32.o)
 .bss           0x00000000000024ac        0x0 /usr/lib/gcc/msp430/4.6.3/../../../../msp430/lib/mcpu-430x/mmpy-16/libc.a(strncmp.o)
 .bss           0x00000000000024ac        0x0 /usr/lib/gcc/msp430/4.6.3/../../../../msp430/lib/mcpu-430x/mmpy-16/libc.a(memcmp.o)
 .bss           0x00000000000024ac        0x0 /usr/lib/gcc/msp430/4.6.3/../../../../msp430/lib/mcpu-430x/mmpy-16/libc.a(memcpy.o)
 .bss           0x00000000000024ac        0x0 /usr/lib/gcc/msp430/4.6.3/../../../../msp430/lib/mcpu-430x/mmpy-16/libc.a(memmove.o)
 .bss           0x00000000000024ac        0x0 /usr/lib/gcc/msp430/4.6.3/../../../../msp430/lib/mcpu-430x/mmpy-16/libc.a(memset.o)
 .bss           0x00000000000024ac        0x0 /usr/lib/gcc/msp430/4.6.3/../../../../msp430/lib/mcpu-430x/mmpy-16/libc.a(printf.o)
 .bss           0x00000000000024ac        0x0 /usr/lib/gcc/msp430/4.6.3/../../../../msp430/lib/mcpu-430x/mmpy-16/libc.a(vuprintf.o)
 .bss           0x00000000000024ac        0x0 /usr/lib/gcc/msp430/4.6.3/../../../../msp430/lib/mcpu-430x/mmpy-16/libc.a(puts.o)
 .bss           0x00000000000024ac        0x0 /usr/lib/gcc/msp430/4.6.3/../../../../msp430/lib/mcpu-430x/mmpy-16/libc.a(rand.o)
 .bss           0x00000000000024ac        0x0 /usr/lib/gcc/msp430/4.6.3/mcpu-430x/mmpy-16/libgcc.a(_udivmod64.o)
 .bss           0x00000000000024ac        0x0 /usr/lib/gcc/msp430/4.6.3/mcpu-430x/mmpy-16/libcrt0.a(_reset_vector__.o)
 .bss           0x00000000000024ac        0x0 /usr/lib/gcc/msp430/4.6.3/mcpu-430x/mmpy-16/libcrt0.a(__watchdog_support.o)
 .bss           0x00000000000024ac        0x0 /usr/lib/gcc/msp430/4.6.3/mcpu-430x/mmpy-16/libcrt0.a(__init_stack.o)
 .bss           0x00000000000024ac        0x0 /usr/lib/gcc/msp430/4.6.3/mcpu-430x/mmpy-16/libcrt0.a(__low_level_init.o)
 .bss           0x00000000000024ac        0x0 /usr/lib/gcc/msp430/4.6.3/mcpu-430x/mmpy-16/libcrt0.a(_copy_data.o)
 .bss           0x00000000000024ac        0x0 /usr/lib/gcc/msp430/4.6.3/mcpu-430x/mmpy-16/libcrt0.a(_clear_bss.o)
 .bss           0x00000000000024ac        0x0 /usr/lib/gcc/msp430/4.6.3/mcpu-430x/mmpy-16/libcrt0.a(__stop_progExec__.o)
 .bss           0x00000000000024ac        0x0 /usr/lib/gcc/msp430/4.6.3/mcpu-430x/mmpy-16/libcrt0.a(_endless_loop__.o)
 .bss           0x00000000000024ac        0x0 /usr/lib/gcc/msp430/4.6.3/mcpu-430x/mmpy-16/libcrt0.a(_unexpected_.o)
 *(COMMON)
 COMMON         0x00000000000024ac        0x2 contiki-z1.a(msp430.o)
                0x00000000000024ac                msp430_dco_required
 COMMON         0x00000000000024ae       0x10 contiki-z1.a(cc2420.o)
                0x00000000000024ae                cc2420_last_rssi
                0x00000000000024b0                cc2420_sfd_start_time
                0x00000000000024b2                cc2420_time_of_departure
                0x00000000000024b4                cc2420_time_of_arrival
                0x00000000000024b6                cc2420_last_correlation
                0x00000000000024b8                cc2420_authority_level_of_sender
                0x00000000000024ba                cc2420_sfd_counter
                0x00000000000024bc                cc2420_sfd_end_time
 COMMON         0x00000000000024be        0x8 contiki-z1.a(node-id.o)
                0x00000000000024be                node_mac
 COMMON         0x00000000000024c6        0x1 contiki-z1.a(sensors.o)
                0x00000000000024c6                sensors_event
 *fill*         0x00000000000024c7        0x1 00
 COMMON         0x00000000000024c8        0x4 contiki-z1.a(z1-sensors.o)
                0x00000000000024c8                sensors_flags
 COMMON         0x00000000000024cc        0x4 contiki-z1.a(adxl345.o)
                0x00000000000024cc                accm_int2_cb
                0x00000000000024ce                accm_int1_cb
 COMMON         0x00000000000024d0       0x56 contiki-z1.a(energest.o)
                0x00000000000024d0                energest_total_time
                0x0000000000002500                energest_total_count
                0x0000000000002502                energest_current_mode
                0x000000000000250e                energest_current_time
 COMMON         0x0000000000002526        0x1 contiki-z1.a(process.o)
                0x0000000000002526                process_maxevents
 *fill*         0x0000000000002527        0x1 00
 COMMON         0x0000000000002528      0x15c contiki-z1.a(uip-ds6.o)
                0x0000000000002528                uip_ds6_timer_ra
                0x0000000000002530                uip_ds6_if
                0x000000000000261c                uip_ds6_netif_addr_list_offset
                0x000000000000261d                uip_ds6_addr_size
                0x000000000000261e                uip_ds6_prefix_list
                0x0000000000002678                uip_ds6_timer_periodic
 COMMON         0x0000000000002684      0x2a0 contiki-z1.a(uip6.o)
                0x0000000000002684                uip_len
                0x0000000000002686                uip_sappdata
                0x0000000000002688                uip_acc32
                0x000000000000268c                uip_lladdr
                0x0000000000002694                uip_aligned_buf
                0x0000000000002720                uip_flags
                0x0000000000002722                uip_next_hdr
                0x0000000000002724                uip_udp_conn
                0x0000000000002726                uip_appdata
                0x0000000000002728                uip_conn
                0x000000000000272a                uip_conns
                0x00000000000027da                uip_listenports
                0x00000000000027ea                uip_slen
                0x00000000000027ec                uip_udp_conns
 COMMON         0x0000000000002924        0x1 contiki-z1.a(tcpip.o)
                0x0000000000002924                tcpip_event
 *fill*         0x0000000000002925        0x1 00
 COMMON         0x0000000000002926      0x100 contiki-z1.a(rpl-dag.o)
                0x0000000000002926                default_instance
                0x0000000000002928                instance_table
 COMMON         0x0000000000002a26       0x2e contiki-z1.a(packetbuf.o)
                0x0000000000002a26                packetbuf_addrs
                0x0000000000002a36                packetbuf_attrs
 COMMON         0x0000000000002a54        0x8 contiki-z1.a(linkaddr.o)
                0x0000000000002a54                linkaddr_node_addr
 COMMON         0x0000000000002a5c       0x14 contiki-z1.a(link-stats.o)
                0x0000000000002a5c                periodic_timer
 COMMON         0x0000000000002a70       0x10 contiki-z1.a(i2cmaster.o)
                0x0000000000002a70                transmit_data1
                0x0000000000002a71                rx_byte_ctr
                0x0000000000002a72                tx_buf_ptr
                0x0000000000002a74                tx_byte_ctr
                0x0000000000002a76                i
                0x0000000000002a78                receive_data
                0x0000000000002a7a                rx_buf
                0x0000000000002a7c                transmit_data2
                0x0000000000002a7e                rx_buf_ptr
                0x0000000000002a80                . = ALIGN (0x2)
                0x0000000000002a80                PROVIDE (__bss_end, .)
                0x000000000000186a                PROVIDE (__bss_size, SIZEOF (.bss))

.noinit         0x0000000000002a80        0x2 load address 0x000000000000f17e
                0x0000000000002a80                PROVIDE (__noinit_start, .)
 *(.noinit .noinit.*)
 .noinit.crt0   0x0000000000002a80        0x2 /usr/lib/gcc/msp430/4.6.3/mcpu-430x/mmpy-16/libcrt0.a(__watchdog_support.o)
                0x0000000000002a80                __wdt_clear_value
                0x0000000000002a82                . = ALIGN (0x2)
                0x0000000000002a82                PROVIDE (__noinit_end, .)
                0x0000000000002a82                . = ALIGN (0x2)
                0x0000000000002a82                _end = .

.infomem        0x0000000000001000        0x0
 *(.infomem)
                0x0000000000001000                . = ALIGN (0x2)
 *(.infomem.*)

.infomemnobits  0x0000000000001000        0x0
 *(.infomemnobits)
                0x0000000000001000                . = ALIGN (0x2)
 *(.infomemnobits.*)

.infoa
 *(.infoa .infoa.*)

.infob
 *(.infob .infob.*)

.infoc
 *(.infoc .infoc.*)

.infod
 *(.infod .infod.*)

.vectors        0x000000000000ffc0       0x40
                0x000000000000ffc0                PROVIDE (__vectors_start, .)
 *(.vectors*)
 .vectors       0x000000000000ffc0       0x40 /usr/lib/gcc/msp430/4.6.3/mcpu-430x/mmpy-16/crt0ivtbl32.o
                0x000000000000ffc0                __ivtbl_32
                0x0000000000010000                _vectors_end = .

.fartext        0x0000000000010000        0x0
                0x0000000000010000                . = ALIGN (0x2)
 *(.fartext)
                0x0000000000010000                . = ALIGN (0x2)
 *(.fartext.*)
                0x0000000000010000                _efartext = .

.profiler
 *(.profiler)

.stab           0x0000000000000000    0x2b53c
 *(.stab)
 .stab          0x0000000000000000      0x7d4 01-hello-world.co
 .stab          0x00000000000007d4     0x17f4 obj_z1/contiki-z1-main.o
                                       0x1b6c (size before relaxing)
 .stab          0x0000000000001fc8      0x24c contiki-z1.a(contiki-z1-plat)
                                        0x5a0 (size before relaxing)
 .stab          0x0000000000002214      0x588 contiki-z1.a(msp430.o)
                                        0x8dc (size before relaxing)
 .stab          0x000000000000279c      0x5dc contiki-z1.a(leds.o)
                                        0x828 (size before relaxing)
 .stab          0x0000000000002d78      0x3fc contiki-z1.a(watchdog.o)
                                        0x750 (size before relaxing)
 .stab          0x0000000000003174      0x9fc contiki-z1.a(xmem.o)
                                        0xf3c (size before relaxing)
 .stab          0x0000000000003b70      0x288 contiki-z1.a(spi.o)
                                        0x5dc (size before relaxing)
 .stab          0x0000000000003df8     0x28c8 contiki-z1.a(cc2420.o)
                                       0x2fe8 (size before relaxing)
 .stab          0x00000000000066c0      0xcc0 contiki-z1.a(cc2420-arch.o)
                                       0x16b0 (size before relaxing)
 .stab          0x0000000000007380      0x300 contiki-z1.a(node-id.o)
                                        0x6d8 (size before relaxing)
 .stab          0x0000000000007680      0x654 contiki-z1.a(sensors.o)
                                        0xb70 (size before relaxing)
 .stab          0x0000000000007cd4      0x528 contiki-z1.a(uart0.o)
                                        0xa38 (size before relaxing)
 .stab          0x00000000000081fc      0x234 contiki-z1.a(uart0-putchar.o)
                                        0x588 (size before relaxing)
 .stab          0x0000000000008430      0x3a8 contiki-z1.a(z1-sensors.o)
                                        0x78c (size before relaxing)
 .stab          0x00000000000087d8      0xd2c contiki-z1.a(adxl345.o)
                                       0x135c (size before relaxing)
 .stab          0x0000000000009504      0x81c contiki-z1.a(tmp102.o)
                                        0xd74 (size before relaxing)
 .stab          0x0000000000009d20      0x948 contiki-z1.a(clock.o)
                                        0xc9c (size before relaxing)
 .stab          0x000000000000a668      0x3a8 contiki-z1.a(leds-arch.o)
                                        0x6fc (size before relaxing)
 .stab          0x000000000000aa10      0x3cc contiki-z1.a(rtimer-arch.o)
                                        0x720 (size before relaxing)
 .stab          0x000000000000addc      0x294 contiki-z1.a(autostart.o)
                                        0x534 (size before relaxing)
 .stab          0x000000000000b070      0x474 contiki-z1.a(energest.o)
                                        0x6fc (size before relaxing)
 .stab          0x000000000000b4e4      0x858 contiki-z1.a(ctimer.o)
                                        0xbc4 (size before relaxing)
 .stab          0x000000000000bd3c      0xabc contiki-z1.a(etimer.o)
                                        0xd8c (size before relaxing)
 .stab          0x000000000000c7f8      0xba0 contiki-z1.a(process.o)
                                       0x1038 (size before relaxing)
 .stab          0x000000000000d398      0x3d8 contiki-z1.a(rtimer.o)
                                        0x6c0 (size before relaxing)
 .stab          0x000000000000d770      0x354 contiki-z1.a(timer.o)
                                        0x594 (size before relaxing)
 .stab          0x000000000000dac4      0x7f8 contiki-z1.a(list.o)
                                        0x804 (size before relaxing)
 .stab          0x000000000000e2bc      0x228 contiki-z1.a(random.o)
                                        0x624 (size before relaxing)
 .stab          0x000000000000e4e4     0x14f4 contiki-z1.a(uip-ds6.o)
                                       0x210c (size before relaxing)
 .stab          0x000000000000f9d8     0x132c contiki-z1.a(uip-ds6-route.o)
                                       0x1f44 (size before relaxing)
 .stab          0x0000000000010d04     0x2a54 contiki-z1.a(uip6.o)
                                       0x3750 (size before relaxing)
 .stab          0x0000000000013758      0xcd8 contiki-z1.a(uip-ds6-nbr.o)
                                       0x15a8 (size before relaxing)
 .stab          0x0000000000014430      0x5a0 contiki-z1.a(uip-nd6.o)
                                       0x120c (size before relaxing)
 .stab          0x00000000000149d0     0x2910 contiki-z1.a(sicslowpan.o)
                                       0x3318 (size before relaxing)
 .stab          0x00000000000172e0      0x3d8 contiki-z1.a(uip-debug.o)
                                        0xbac (size before relaxing)
 .stab          0x00000000000176b8     0x14c4 contiki-z1.a(tcpip.o)
                                       0x2700 (size before relaxing)
 .stab          0x0000000000018b7c     0x36c0 contiki-z1.a(rpl-dag.o)
                                       0x4374 (size before relaxing)
 .stab          0x000000000001c23c      0xfc0 contiki-z1.a(rpl-timers.o)
                                       0x1d94 (size before relaxing)
 .stab          0x000000000001d1fc      0xa38 contiki-z1.a(rpl-ext-header.)
                                       0x1848 (size before relaxing)
 .stab          0x000000000001dc34      0xb4c contiki-z1.a(rpl.o)
                                       0x1968 (size before relaxing)
 .stab          0x000000000001e780      0x9d8 contiki-z1.a(rpl-mrhof.o)
                                       0x17ac (size before relaxing)
 .stab          0x000000000001f158      0xaa4 contiki-z1.a(queuebuf.o)
                                       0x1bc0 (size before relaxing)
 .stab          0x000000000001fbfc      0xfd8 contiki-z1.a(nbr-table.o)
                                       0x1944 (size before relaxing)
 .stab          0x0000000000020bd4      0xc18 contiki-z1.a(packetbuf.o)
                                       0x1d4c (size before relaxing)
 .stab          0x00000000000217ec      0x2c4 contiki-z1.a(linkaddr.o)
                                        0x6c0 (size before relaxing)
 .stab          0x0000000000021ab0      0x7d4 contiki-z1.a(link-stats.o)
                                       0x11a0 (size before relaxing)
 .stab          0x0000000000022284      0x90c contiki-z1.a(framer-802154.o)
                                        0xf18 (size before relaxing)
 .stab          0x0000000000022b90     0x111c contiki-z1.a(csma.o)
                                       0x1644 (size before relaxing)
 .stab          0x0000000000023cac     0x1644 contiki-z1.a(contikimac.o)
                                       0x21e4 (size before relaxing)
 .stab          0x00000000000252f0      0x3c0 contiki-z1.a(nullsec.o)
                                        0xcf0 (size before relaxing)
 .stab          0x00000000000256b0      0x894 contiki-z1.a(i2cmaster.o)
                                        0xbe8 (size before relaxing)
 .stab          0x0000000000025f44      0x468 contiki-z1.a(button-sensor.o)
                                        0x7d4 (size before relaxing)
 .stab          0x00000000000263ac      0x3c0 contiki-z1.a(stimer.o)
                                        0x600 (size before relaxing)
 .stab          0x000000000002676c      0x5c4 contiki-z1.a(memb.o)
                                        0xaf8 (size before relaxing)
 .stab          0x0000000000026d30      0xbdc contiki-z1.a(uip-icmp6.o)
                                       0x18d8 (size before relaxing)
 .stab          0x000000000002790c     0x1a40 contiki-z1.a(rpl-icmp6.o)
                                       0x2898 (size before relaxing)
 .stab          0x000000000002934c      0x96c contiki-z1.a(rpl-nbr-policy.)
                                       0x1734 (size before relaxing)
 .stab          0x0000000000029cb8      0x690 contiki-z1.a(mac-sequence.o)
                                       0x17c4 (size before relaxing)
 .stab          0x000000000002a348      0xffc contiki-z1.a(frame802154.o)
                                       0x17e8 (size before relaxing)
 .stab          0x000000000002b344      0x1f8 contiki-z1.a(mac.o)
                                        0x4ec (size before relaxing)

.stabstr        0x0000000000000000    0x1f3f4
 *(.stabstr)
 .stabstr       0x0000000000000000    0x1f3f4 01-hello-world.co

.stab.excl
 *(.stab.excl)

.stab.exclstr
 *(.stab.exclstr)

.stab.index
 *(.stab.index)

.stab.indexstr
 *(.stab.indexstr)

.comment
 *(.comment)

.debug
 *(.debug)

.line
 *(.line)

.debug_srcinfo
 *(.debug_srcinfo)

.debug_sfnames
 *(.debug_sfnames)

.debug_aranges  0x0000000000000000      0x1a4
 *(.debug_aranges)
 .debug_aranges
                0x0000000000000000       0x14 /usr/lib/gcc/msp430/4.6.3/mcpu-430x/mmpy-16/libgcc.a(_mulsi3.o)
 .debug_aranges
                0x0000000000000014       0x14 /usr/lib/gcc/msp430/4.6.3/mcpu-430x/mmpy-16/libgcc.a(_udivmod16.o)
 .debug_aranges
                0x0000000000000028       0x14 /usr/lib/gcc/msp430/4.6.3/mcpu-430x/mmpy-16/libgcc.a(_divmod16.o)
 .debug_aranges
                0x000000000000003c       0x14 /usr/lib/gcc/msp430/4.6.3/mcpu-430x/mmpy-16/libgcc.a(_udivmod32.o)
 .debug_aranges
                0x0000000000000050       0x14 /usr/lib/gcc/msp430/4.6.3/mcpu-430x/mmpy-16/libgcc.a(_divmod32.o)
 .debug_aranges
                0x0000000000000064       0x14 /usr/lib/gcc/msp430/4.6.3/../../../../msp430/lib/mcpu-430x/mmpy-16/libc.a(strncmp.o)
 .debug_aranges